// Jest Snapshot v1, https://goo.gl/fbAQLP

exports[`The settings' page The page should be rendered correctly 1`] = `
<div>
  <div
    class="flex flex-col h-screen bg-blue-royal"
  >
    <header
      class="flex flex-col bg-blue-royal items-center md:px-24 md:flex-row md:justify-between"
    >
      <img
        alt="Logo Sorteador de Amigo secreto"
        class="block md:hidden"
        height="157"
        src="logo-pequeno.png"
        width="186"
      />
      <img
        alt="Logo Sorteador de Amigo secreto"
        class="hidden md:block"
        height="157"
        src="logo.png"
        width="186"
      />
      <img
        alt="Desenho de um participante"
        height="158"
        src="participante.png"
        width="328"
      />
    </header>
    <div
      class=" flex flex-1 bg-white-cream p-20 mt-n16 justify-center rounded-t-64px border-2 border-black"
      role="container"
    >
      <form>
        <input
          placeholder="Insira os nomes dos participantes"
          value=""
        />
        <button
          disabled=""
          type="submit"
        >
          Adicionar
        </button>
        
      </form>
    </div>
    <div>
      <button
        disabled=""
      >
        Iniciar brincadeira!
      </button>
    </div>
  </div>
</div>
`;
